// Automatically generated by Interoptopus.

using System;
using System.Collections;
using System.Collections.Generic;
using System.Runtime.InteropServices;
using My.Company;
using My.Company.Common;

namespace My.Company.Common
{

    [Serializable]
    [StructLayout(LayoutKind.Sequential)]
    public partial struct Vec
    {
        public double x;
        public double z;
    }

    [UnmanagedFunctionPointer(CallingConvention.Cdecl)]
    public delegate Tupled InteropDelegate_fn_Tupled_rval_Tupled(Tupled x0);

    [UnmanagedFunctionPointer(CallingConvention.Cdecl)]
    public delegate bool InteropDelegate_fn_pmut_i64_rval_bool(out long x0);

    [UnmanagedFunctionPointer(CallingConvention.Cdecl)]
    public delegate byte InteropDelegate_fn_u8_rval_u8(byte x0);

    [Serializable]
    [StructLayout(LayoutKind.Sequential)]
    public partial struct SliceBool
    {
        IntPtr data;
        ulong len;
    }

    public partial struct SliceBool : IEnumerable<Bool>
    {
        public SliceBool(GCHandle handle, ulong count)
        {
            this.data = handle.AddrOfPinnedObject();
            this.len = count;
        }
        public Bool this[int i]
        {
            get
            {
                if (i >= Count) throw new IndexOutOfRangeException();
                var size = Marshal.SizeOf(typeof(Bool));
                var ptr = new IntPtr(data.ToInt64() + i * size);
                return Marshal.PtrToStructure<Bool>(ptr);
            }
        }
        public Bool[] Copied
        {
            get
            {
                var rval = new Bool[len];
                for (var i = 0; i < (int) len; i++) {
                    rval[i] = this[i];
                }
                return rval;
            }
        }
        public int Count => (int) len;
        public IEnumerator<Bool> GetEnumerator()
        {
            for (var i = 0; i < (int)len; ++i)
            {
                yield return this[i];
            }
        }
        IEnumerator IEnumerable.GetEnumerator()
        {
            return this.GetEnumerator();
        }
    }


    [Serializable]
    [StructLayout(LayoutKind.Sequential)]
    public partial struct Sliceu32
    {
        IntPtr data;
        ulong len;
    }

    public partial struct Sliceu32 : IEnumerable<uint>
    {
        public Sliceu32(GCHandle handle, ulong count)
        {
            this.data = handle.AddrOfPinnedObject();
            this.len = count;
        }
        public uint this[int i]
        {
            get
            {
                if (i >= Count) throw new IndexOutOfRangeException();
                var size = Marshal.SizeOf(typeof(uint));
                var ptr = new IntPtr(data.ToInt64() + i * size);
                return Marshal.PtrToStructure<uint>(ptr);
            }
        }
        public uint[] Copied
        {
            get
            {
                var rval = new uint[len];
                for (var i = 0; i < (int) len; i++) {
                    rval[i] = this[i];
                }
                return rval;
            }
        }
        public int Count => (int) len;
        public IEnumerator<uint> GetEnumerator()
        {
            for (var i = 0; i < (int)len; ++i)
            {
                yield return this[i];
            }
        }
        IEnumerator IEnumerable.GetEnumerator()
        {
            return this.GetEnumerator();
        }
    }


    [Serializable]
    [StructLayout(LayoutKind.Sequential)]
    public partial struct Sliceu8
    {
        IntPtr data;
        ulong len;
    }

    public partial struct Sliceu8 : IEnumerable<byte>
    {
        public Sliceu8(GCHandle handle, ulong count)
        {
            this.data = handle.AddrOfPinnedObject();
            this.len = count;
        }
        public byte this[int i]
        {
            get
            {
                if (i >= Count) throw new IndexOutOfRangeException();
                var size = Marshal.SizeOf(typeof(byte));
                var ptr = new IntPtr(data.ToInt64() + i * size);
                return Marshal.PtrToStructure<byte>(ptr);
            }
        }
        public byte[] Copied
        {
            get
            {
                var rval = new byte[len];
                for (var i = 0; i < (int) len; i++) {
                    rval[i] = this[i];
                }
                return rval;
            }
        }
        public int Count => (int) len;
        public IEnumerator<byte> GetEnumerator()
        {
            for (var i = 0; i < (int)len; ++i)
            {
                yield return this[i];
            }
        }
        IEnumerator IEnumerable.GetEnumerator()
        {
            return this.GetEnumerator();
        }
    }


    [Serializable]
    [StructLayout(LayoutKind.Sequential)]
    public partial struct SliceMutu8
    {
        IntPtr data;
        ulong len;
    }

    public partial struct SliceMutu8 : IEnumerable<byte>
    {
        public SliceMutu8(GCHandle handle, ulong count)
        {
            this.data = handle.AddrOfPinnedObject();
            this.len = count;
        }
        public byte this[int i]
        {
            get
            {
                if (i >= Count) throw new IndexOutOfRangeException();
                var size = Marshal.SizeOf(typeof(byte));
                var ptr = new IntPtr(data.ToInt64() + i * size);
                return Marshal.PtrToStructure<byte>(ptr);
            }
            set
            {
                if (i >= Count) throw new IndexOutOfRangeException();
                var size = Marshal.SizeOf(typeof(byte));
                var ptr = new IntPtr(data.ToInt64() + i * size);
                Marshal.StructureToPtr<byte>(value, ptr, false);
            }
        }
        public byte[] Copied
        {
            get
            {
                var rval = new byte[len];
                for (var i = 0; i < (int) len; i++) {
                    rval[i] = this[i];
                }
                return rval;
            }
        }
        public int Count => (int) len;
        public IEnumerator<byte> GetEnumerator()
        {
            for (var i = 0; i < (int)len; ++i)
            {
                yield return this[i];
            }
        }
        IEnumerator IEnumerable.GetEnumerator()
        {
            return this.GetEnumerator();
        }
    }


    [Serializable]
    [StructLayout(LayoutKind.Sequential)]
    public partial struct Bool
    {
        public static readonly Bool True = new Bool { value =  1 };
        public static readonly Bool False = new Bool { value =  0 };
        public Bool(bool b)
        {
            value = (byte) (b ? 1 : 0);
        }
        byte value;
        public bool Is => value == 1;
    }


    [UnmanagedFunctionPointer(CallingConvention.Cdecl)]
    public delegate byte CallbackFFISlice(Sliceu8 x0);

    [UnmanagedFunctionPointer(CallingConvention.Cdecl)]
    public delegate Vec3f32 CallbackHugeVecSlice(SliceVec3f32 x0);

    [UnmanagedFunctionPointer(CallingConvention.Cdecl)]
    public delegate void CallbackSliceMut(SliceMutu8 x0);

    [UnmanagedFunctionPointer(CallingConvention.Cdecl)]
    public delegate uint MyCallback(uint x0);


}
